
Running 8 tests using 1 worker

  ✓  1 [chromium] › e2e\auth.spec.ts:14:7 › Authentication Flow › should navigate to login page and show correct elements (1.1s)
Successfully cleaned up test user: testuser-auth-1772803278817@example.com
  ✘  2 [chromium] › e2e\auth.spec.ts:26:7 › Authentication Flow › should complete the registration, login and logout cycle (1.0m)
Successfully cleaned up test user: testuser-dash-1772803342419@example.com
  ✓  3 [chromium] › e2e\dashboard.spec.ts:13:7 › Dashboard Flow › should display accurate summary cards for active subscriptions (5.3s)
  ✘  4 [chromium] › e2e\i18n.spec.ts:14:7 › Internationalization (i18n) Flow › should switch language and persist across reloads (3.6s)
Successfully cleaned up test user: testuser-settings-1772803354065-631@example.com
  ✓  5 [chromium] › e2e\settings.spec.ts:27:7 › User Settings Persistence › should persist accent color across page reloads (2.8s)
Successfully cleaned up test user: testuser-settings-1772803356863-316@example.com
  ✓  6 [chromium] › e2e\settings.spec.ts:51:7 › User Settings Persistence › should persist theme across page reloads (3.1s)
Successfully cleaned up test user: testuser-settings-1772803359967-766@example.com
  ✓  7 [chromium] › e2e\settings.spec.ts:77:7 › User Settings Persistence › should persist notification settings in Settings page (3.0s)
  ✘  8 [chromium] › e2e\subscriptions.spec.ts:13:7 › Subscriptions Flow › should manage subscriptions (CRUD) (30.9s)


  1) [chromium] › e2e\auth.spec.ts:26:7 › Authentication Flow › should complete the registration, login and logout cycle 

    [31mTest timeout of 60000ms exceeded.[39m

    Error: locator.click: Test timeout of 60000ms exceeded.
    Call log:
    [2m  - waiting for getByRole('button', { name: 'US' })[22m


      46 |     // 2. Logout
      47 |     // Open user menu dropdown
    > 48 |     await page.getByRole('button', { name: 'US', exact: false }).click();
         |                                                                  ^
      49 |     
      50 |     // Click explicit Logout text since it has a specific aria role in Radix
      51 |     await page.getByRole('menuitem', { name: /Log out/i }).click();
        at C:\dev\subscription-tracker\frontend\e2e\auth.spec.ts:48:66

    Error Context: test-results\auth-Authentication-Flow-s-eaee8-tion-login-and-logout-cycle-chromium\error-context.md

  2) [chromium] › e2e\i18n.spec.ts:14:7 › Internationalization (i18n) Flow › should switch language and persist across reloads 

    Error: Cannot use a pool after calling end on the pool

       at test-utils.ts:16

      14 |  */
      15 | export async function cleanupUser(email: string) {
    > 16 |   const client = await pool.connect();
         |                             ^
      17 |   try {
      18 |     await client.query('BEGIN');
      19 |     
        at BoundPool.connect (C:\dev\subscription-tracker\frontend\node_modules\.pnpm\pg-pool@3.11.0_pg@8.18.0\node_modules\pg-pool\index.js:184:19)
        at cleanupUser (C:\dev\subscription-tracker\frontend\e2e\test-utils.ts:16:29)
        at C:\dev\subscription-tracker\frontend\e2e\i18n.spec.ts:10:22

  3) [chromium] › e2e\subscriptions.spec.ts:13:7 › Subscriptions Flow › should manage subscriptions (CRUD) 

    TimeoutError: page.waitForURL: Timeout 30000ms exceeded.
    =========================== logs ===========================
    waiting for navigation to "**/dashboard" until "load"
    ============================================================

      18 |     await page.getByLabel('Password').fill(testPassword);
      19 |     await page.getByRole('button', { name: 'Create Account' }).click();
    > 20 |     await page.waitForURL('**/dashboard', { timeout: 30_000 });
         |                ^
      21 |
      22 |     // Navigate to Subscriptions
      23 |     await page.goto('/subscriptions');
        at C:\dev\subscription-tracker\frontend\e2e\subscriptions.spec.ts:20:16

    Error: Cannot use a pool after calling end on the pool

       at test-utils.ts:16

      14 |  */
      15 | export async function cleanupUser(email: string) {
    > 16 |   const client = await pool.connect();
         |                             ^
      17 |   try {
      18 |     await client.query('BEGIN');
      19 |     
        at BoundPool.connect (C:\dev\subscription-tracker\frontend\node_modules\.pnpm\pg-pool@3.11.0_pg@8.18.0\node_modules\pg-pool\index.js:184:19)
        at cleanupUser (C:\dev\subscription-tracker\frontend\e2e\test-utils.ts:16:29)
        at C:\dev\subscription-tracker\frontend\e2e\subscriptions.spec.ts:9:22

    Error Context: test-results\subscriptions-Subscription-d83d0--manage-subscriptions-CRUD--chromium\error-context.md

  3 failed
    [chromium] › e2e\auth.spec.ts:26:7 › Authentication Flow › should complete the registration, login and logout cycle 
    [chromium] › e2e\i18n.spec.ts:14:7 › Internationalization (i18n) Flow › should switch language and persist across reloads 
    [chromium] › e2e\subscriptions.spec.ts:13:7 › Subscriptions Flow › should manage subscriptions (CRUD) 
  5 passed (2.0m)
