src/app/(dashboard)/manage/subscriptions/_components/ImportPreviewModal.tsx(21,26): error TS2307: Cannot find module '@/components/ui/checkbox' or its corresponding type declarations.
src/app/(dashboard)/manage/subscriptions/_components/ImportPreviewModal.tsx(22,28): error TS2307: Cannot find module '@/components/ui/scroll-area' or its corresponding type declarations.
src/app/(dashboard)/manage/subscriptions/_components/ImportPreviewModal.tsx(98,37): error TS7006: Parameter 'checked' implicitly has an 'any' type.
